2025-10-12 20:28:01,916 - __main__ - INFO - ============================================================
2025-10-12 20:28:01,916 - __main__ - INFO - CENTRAL GROUP PRODUCT SCRAPING SYSTEM
2025-10-12 20:28:01,916 - __main__ - INFO - ============================================================
2025-10-12 20:28:01,916 - __main__ - INFO - Workers: 2
2025-10-12 20:28:01,916 - __main__ - INFO - Categories: 2
2025-10-12 20:28:01,916 - __main__ - INFO - Scrape Details: True
2025-10-12 20:28:01,916 - __main__ - INFO - Validate Images: False
2025-10-12 20:28:01,916 - __main__ - INFO - Resume: True
2025-10-12 20:28:01,916 - __main__ - INFO - ============================================================
2025-10-12 20:28:01,916 - logger - INFO - Started scraping session: 391fb9bb-22e6-4d2a-9237-3d5024e1930f
2025-10-12 20:28:01,916 - __main__ - INFO - Attempt 1/3 for category 'women'
2025-10-12 20:28:01,916 - scraper_worker_hybrid - INFO - Worker 1: Starting category 'women' (Hybrid Mode)
2025-10-12 20:28:01,916 - scraper_worker_hybrid - INFO - Worker 1: URL: https://www.central.co.th/th/women/clothing
2025-10-12 20:28:01,937 - __main__ - INFO - Attempt 1/3 for category 'men'
2025-10-12 20:28:01,938 - scraper_worker_hybrid - INFO - Worker 2: Starting category 'men' (Hybrid Mode)
2025-10-12 20:28:01,938 - scraper_worker_hybrid - INFO - Worker 2: URL: https://www.central.co.th/th/men/clothing
2025-10-12 20:28:02,968 - scraper_worker_hybrid - INFO - Worker 1: Fetching category page with Crawl4AI...
2025-10-12 20:28:02,972 - scraper_worker_hybrid - INFO - Worker 2: Fetching category page with Crawl4AI...
2025-10-12 20:28:04,579 - scraper_worker_hybrid - INFO - Worker 1: Found 0 products initially
2025-10-12 20:28:04,943 - scraper_worker_hybrid - INFO - Worker 2: Found 20 products initially
2025-10-12 20:28:14,581 - scraper_worker_hybrid - INFO - Worker 1: Handling infinite scroll...
2025-10-12 20:28:14,944 - scraper_worker_hybrid - INFO - Worker 2: Handling infinite scroll...
2025-10-12 20:28:15,458 - scraper_worker_hybrid - INFO - Worker 1: Total unique products found: 17
2025-10-12 20:28:15,616 - scraper_worker_hybrid - INFO - Worker 1: Scraping product details with Playwright...
2025-10-12 20:28:15,789 - scraper_worker_hybrid - INFO - Worker 2: Total unique products found: 20
2025-10-12 20:28:15,899 - scraper_worker_hybrid - INFO - Worker 2: Scraping product details with Playwright...
2025-10-12 20:28:19,281 - scraper_worker_hybrid - INFO - Worker 1: Playwright browser initialized
2025-10-12 20:28:19,288 - scraper_worker_hybrid - INFO - Worker 2: Playwright browser initialized
2025-10-12 20:29:04,524 - scraper_worker_hybrid - ERROR - Worker 2: Error scraping product https://www.central.co.th/th/grey-contrast-collar-and-cuff-stretch-polo-shirt-grmkppr000086657: Page.goto: Timeout 45000ms exceeded.
Call log:
  - navigating to "https://www.central.co.th/th/grey-contrast-collar-and-cuff-stretch-polo-shirt-grmkppr000086657", waiting until "networkidle"

2025-10-12 20:29:04,528 - scraper_worker_hybrid - ERROR - Worker 1: Error scraping product https://www.central.co.th/th/cream-women-s-long-sleeved-hoodies-jacket-grmkppr000182927: Page.goto: Timeout 45000ms exceeded.
Call log:
  - navigating to "https://www.central.co.th/th/cream-women-s-long-sleeved-hoodies-jacket-grmkppr000182927", waiting until "networkidle"

2025-10-12 20:29:52,118 - scraper_worker_hybrid - ERROR - Worker 1: Error scraping product https://www.central.co.th/th/l-12-d-slim-fit-jersey-polo-shirt-pink-grmkppr000140847: Page.goto: Timeout 45000ms exceeded.
Call log:
  - navigating to "https://www.central.co.th/th/l-12-d-slim-fit-jersey-polo-shirt-pink-grmkppr000140847", waiting until "networkidle"

2025-10-12 20:29:56,360 - scraper_worker_hybrid - ERROR - Worker 2: Error scraping product https://www.central.co.th/th/classic-fit-l-12-12-striped-petit-piqu-polo-shirt-beige-grmkppr000145270: Page.goto: Timeout 45000ms exceeded.
Call log:
  - navigating to "https://www.central.co.th/th/classic-fit-l-12-12-striped-petit-piqu-polo-shirt-beige-grmkppr000145270", waiting until "networkidle"

2025-10-12 20:30:11,014 - scraper_worker_hybrid - INFO - Worker 2: Progress: 5/20
2025-10-12 20:30:38,948 - scraper_worker_hybrid - ERROR - Worker 1: Error scraping product https://www.central.co.th/th/steel-blue-women-straight-jeans-model-lj1n003-grmkppr000176058: Page.goto: Timeout 45000ms exceeded.
Call log:
  - navigating to "https://www.central.co.th/th/steel-blue-women-straight-jeans-model-lj1n003-grmkppr000176058", waiting until "networkidle"

2025-10-12 20:31:03,720 - scraper_worker_hybrid - ERROR - Worker 2: Error scraping product https://www.central.co.th/th/classic-fit-l-12-12-heavy-petit-piqu-polo-shirt-blue-grmkppr000168973: Page.goto: Timeout 45000ms exceeded.
Call log:
  - navigating to "https://www.central.co.th/th/classic-fit-l-12-12-heavy-petit-piqu-polo-shirt-blue-grmkppr000168973", waiting until "networkidle"

2025-10-12 20:31:26,923 - scraper_worker_hybrid - ERROR - Worker 1: Error scraping product https://www.central.co.th/th/maje-women-trench-coat-contrast-sleeve-and-collar-grcds11525090118: Page.goto: Timeout 45000ms exceeded.
Call log:
  - navigating to "https://www.central.co.th/th/maje-women-trench-coat-contrast-sleeve-and-collar-grcds11525090118", waiting until "networkidle"

2025-10-12 20:31:26,925 - scraper_worker_hybrid - INFO - Worker 1: Progress: 5/17
2025-10-12 20:32:01,827 - scraper_worker_hybrid - ERROR - Worker 2: Error scraping product https://www.central.co.th/th/polo-ralph-lauren-jacket-bi-swing-windbreaker-mnpootw16020128-001-black-grmkppr000013991: Page.goto: Timeout 45000ms exceeded.
Call log:
  - navigating to "https://www.central.co.th/th/polo-ralph-lauren-jacket-bi-swing-windbreaker-mnpootw16020128-001-black-grmkppr000013991", waiting until "networkidle"

2025-10-12 20:32:01,829 - scraper_worker_hybrid - INFO - Worker 2: Progress: 10/20
2025-10-12 20:32:13,035 - scraper_worker_hybrid - ERROR - Worker 1: Error scraping product https://www.central.co.th/th/jacket-women-wmpootwn5a20106-black-grmkppr000186770: Page.goto: Timeout 45000ms exceeded.
Call log:
  - navigating to "https://www.central.co.th/th/jacket-women-wmpootwn5a20106-black-grmkppr000186770", waiting until "networkidle"

2025-10-12 20:32:55,509 - scraper_worker_hybrid - ERROR - Worker 2: Error scraping product https://www.central.co.th/th/3d-print-cotton-thirt-navy-blue-grmkppr000135601: Page.goto: Timeout 45000ms exceeded.
Call log:
  - navigating to "https://www.central.co.th/th/3d-print-cotton-thirt-navy-blue-grmkppr000135601", waiting until "networkidle"

2025-10-12 20:33:00,831 - scraper_worker_hybrid - ERROR - Worker 1: Error scraping product https://www.central.co.th/th/women-relaxed-fit-thirt-white-grmkppr000175440: Page.goto: Timeout 45000ms exceeded.
Call log:
  - navigating to "https://www.central.co.th/th/women-relaxed-fit-thirt-white-grmkppr000175440", waiting until "networkidle"

2025-10-12 20:33:41,618 - scraper_worker_hybrid - ERROR - Worker 2: Error scraping product https://www.central.co.th/th/polo-custom-slim-fit-mesh-polo-shirt-mnpokni1n820078-100-white-grmkppr000073643: Page.goto: Timeout 45000ms exceeded.
Call log:
  - navigating to "https://www.central.co.th/th/polo-custom-slim-fit-mesh-polo-shirt-mnpokni1n820078-100-white-grmkppr000073643", waiting until "networkidle"

2025-10-12 20:33:53,230 - scraper_worker_hybrid - ERROR - Worker 1: Error scraping product https://www.central.co.th/th/l-12-d-slim-fit-jersey-polo-shirt-blue-grmkppr000189740: Page.goto: Timeout 45000ms exceeded.
Call log:
  - navigating to "https://www.central.co.th/th/l-12-d-slim-fit-jersey-polo-shirt-blue-grmkppr000189740", waiting until "networkidle"

2025-10-12 20:33:59,011 - scraper_worker_hybrid - INFO - Worker 1: Progress: 10/17
2025-10-12 20:34:34,771 - scraper_worker_hybrid - ERROR - Worker 2: Error scraping product https://www.central.co.th/th/regular-fit-poplin-plaid-shirt-blue-grmkppr000189707: Page.goto: Timeout 45000ms exceeded.
Call log:
  - navigating to "https://www.central.co.th/th/regular-fit-poplin-plaid-shirt-blue-grmkppr000189707", waiting until "networkidle"

2025-10-12 20:34:34,789 - scraper_worker_hybrid - INFO - Worker 2: Progress: 15/20
