2025-10-12 19:47:29,435 - __main__ - INFO - ============================================================
2025-10-12 19:47:29,435 - __main__ - INFO - CENTRAL GROUP PRODUCT SCRAPING SYSTEM
2025-10-12 19:47:29,435 - __main__ - INFO - ============================================================
2025-10-12 19:47:29,435 - __main__ - INFO - Workers: 2
2025-10-12 19:47:29,435 - __main__ - INFO - Categories: 2
2025-10-12 19:47:29,435 - __main__ - INFO - Scrape Details: False
2025-10-12 19:47:29,435 - __main__ - INFO - Validate Images: False
2025-10-12 19:47:29,435 - __main__ - INFO - Resume: True
2025-10-12 19:47:29,435 - __main__ - INFO - ============================================================
2025-10-12 19:47:29,435 - logger - INFO - Started scraping session: e2dfa598-cfee-4dcf-9859-00c991182c9f
2025-10-12 19:47:29,435 - __main__ - INFO - Attempt 1/3 for category 'women'
2025-10-12 19:47:29,435 - scraper_worker - INFO - Worker 1: Starting category 'women'
2025-10-12 19:47:29,435 - scraper_worker - INFO - Worker 1: URL: https://www.central.co.th/th/women
2025-10-12 19:47:29,458 - __main__ - INFO - Attempt 1/3 for category 'men'
2025-10-12 19:47:29,459 - scraper_worker - INFO - Worker 2: Starting category 'men'
2025-10-12 19:47:29,459 - scraper_worker - INFO - Worker 2: URL: https://www.central.co.th/th/men
2025-10-12 19:47:30,500 - scraper_worker - INFO - Worker 2: Fetching category page...
2025-10-12 19:47:30,502 - scraper_worker - INFO - Worker 1: Fetching category page...
2025-10-12 19:47:32,041 - scraper_worker - INFO - Worker 1: Found 20 products initially
2025-10-12 19:47:32,406 - scraper_worker - INFO - Worker 2: Found 20 products initially
2025-10-12 19:47:37,042 - scraper_worker - INFO - Worker 1: Handling infinite scroll...
2025-10-12 19:47:37,406 - scraper_worker - INFO - Worker 2: Handling infinite scroll...
2025-10-12 19:47:37,631 - scraper_worker - INFO - Worker 1: Total unique products found: 20
2025-10-12 19:47:37,746 - scraper_worker - INFO - Worker 1: Completed 'women' - 20 products in 8.31s
2025-10-12 19:47:37,746 - __main__ - INFO - Worker 1: Validating 'women'...
2025-10-12 19:47:37,746 - data_validator - INFO - Validating category 'women' with 20 products...
2025-10-12 19:47:37,747 - data_validator - INFO - Validation complete for 'women':
2025-10-12 19:47:37,747 - data_validator - INFO -   Passed: 0/20
2025-10-12 19:47:37,747 - data_validator - INFO -   Pass rate: 0.00%
2025-10-12 19:47:37,747 - data_validator - INFO -   Duplicates: 0
2025-10-12 19:47:37,747 - data_validator - WARNING - Category 'women' does not meet quality threshold: 0.00% < 99.00%
2025-10-12 19:47:37,747 - __main__ - WARNING - Worker 1: Category 'women' does not meet quality threshold. Saving anyway with warning.
2025-10-12 19:47:37,747 - __main__ - INFO - Worker 1: Saving 'women'...
2025-10-12 19:47:37,747 - storage_manager - INFO - Saving category 'women' to women.json...
2025-10-12 19:47:37,748 - storage_manager - INFO - Successfully saved: /Users/naruechon/Documents/Project/OOTDay/products/women.json
2025-10-12 19:47:37,748 - __main__ - INFO - Worker 1: Successfully completed 'women'
2025-10-12 19:47:38,228 - scraper_worker - INFO - Worker 2: Total unique products found: 20
2025-10-12 19:47:38,337 - scraper_worker - INFO - Worker 2: Completed 'men' - 20 products in 8.88s
2025-10-12 19:47:38,338 - __main__ - INFO - Worker 2: Validating 'men'...
2025-10-12 19:47:38,338 - data_validator - INFO - Validating category 'men' with 20 products...
2025-10-12 19:47:38,338 - data_validator - INFO - Validation complete for 'men':
2025-10-12 19:47:38,338 - data_validator - INFO -   Passed: 0/20
2025-10-12 19:47:38,338 - data_validator - INFO -   Pass rate: 0.00%
2025-10-12 19:47:38,338 - data_validator - INFO -   Duplicates: 0
2025-10-12 19:47:38,338 - data_validator - WARNING - Category 'men' does not meet quality threshold: 0.00% < 99.00%
2025-10-12 19:47:38,338 - __main__ - WARNING - Worker 2: Category 'men' does not meet quality threshold. Saving anyway with warning.
2025-10-12 19:47:38,338 - __main__ - INFO - Worker 2: Saving 'men'...
2025-10-12 19:47:38,338 - storage_manager - INFO - Saving category 'men' to men.json...
2025-10-12 19:47:38,338 - storage_manager - INFO - Successfully saved: /Users/naruechon/Documents/Project/OOTDay/products/men.json
2025-10-12 19:47:38,338 - __main__ - INFO - Worker 2: Successfully completed 'men'
2025-10-12 19:47:38,338 - __main__ - INFO - 
============================================================
2025-10-12 19:47:38,338 - __main__ - INFO - Generating master output file...
2025-10-12 19:47:38,338 - storage_manager - INFO - Saving master file with 2 categories...
2025-10-12 19:47:38,339 - storage_manager - INFO - Successfully saved: /Users/naruechon/Documents/Project/OOTDay/products/all_categories.json
2025-10-12 19:47:38,339 - logger - INFO - Ended scraping session: e2dfa598-cfee-4dcf-9859-00c991182c9f
2025-10-12 19:47:38,339 - logger - INFO - Saved session log: /Users/naruechon/Documents/Project/OOTDay/log/scraping_session_20251012_124738.json
2025-10-12 19:47:38,339 - __main__ - INFO - 
Session log saved: /Users/naruechon/Documents/Project/OOTDay/log/scraping_session_20251012_124738.json
2025-10-12 19:47:38,339 - __main__ - INFO - 
============================================================
2025-10-12 19:47:38,339 - __main__ - INFO - SCRAPING COMPLETE
2025-10-12 19:47:38,339 - __main__ - INFO - ============================================================
