2025-10-12 20:13:23,540 - __main__ - INFO - ============================================================
2025-10-12 20:13:23,540 - __main__ - INFO - CENTRAL GROUP PRODUCT SCRAPING SYSTEM
2025-10-12 20:13:23,540 - __main__ - INFO - ============================================================
2025-10-12 20:13:23,540 - __main__ - INFO - Workers: 3
2025-10-12 20:13:23,540 - __main__ - INFO - Categories: 2
2025-10-12 20:13:23,540 - __main__ - INFO - Scrape Details: True
2025-10-12 20:13:23,540 - __main__ - INFO - Validate Images: False
2025-10-12 20:13:23,540 - __main__ - INFO - Resume: True
2025-10-12 20:13:23,540 - __main__ - INFO - ============================================================
2025-10-12 20:13:23,540 - logger - INFO - Started scraping session: 22786eb1-d9e2-4b4b-8e26-4a1c060f7935
2025-10-12 20:13:23,541 - __main__ - INFO - Attempt 1/3 for category 'women'
2025-10-12 20:13:23,541 - scraper_worker - INFO - Worker 1: Starting category 'women'
2025-10-12 20:13:23,541 - scraper_worker - INFO - Worker 1: URL: https://www.central.co.th/th/women/clothing
2025-10-12 20:13:23,559 - __main__ - INFO - Attempt 1/3 for category 'men'
2025-10-12 20:13:23,560 - scraper_worker - INFO - Worker 2: Starting category 'men'
2025-10-12 20:13:23,560 - scraper_worker - INFO - Worker 2: URL: https://www.central.co.th/th/men/clothing
2025-10-12 20:13:24,061 - scraper_worker - INFO - Worker 1: Fetching category page...
2025-10-12 20:13:24,074 - scraper_worker - INFO - Worker 2: Fetching category page...
2025-10-12 20:13:25,328 - scraper_worker - INFO - Worker 1: Found 17 products initially
2025-10-12 20:13:25,472 - scraper_worker - INFO - Worker 2: Found 20 products initially
2025-10-12 20:13:30,329 - scraper_worker - INFO - Worker 1: Handling infinite scroll...
2025-10-12 20:13:30,473 - scraper_worker - INFO - Worker 2: Handling infinite scroll...
2025-10-12 20:13:31,275 - scraper_worker - INFO - Worker 1: Total unique products found: 17
2025-10-12 20:13:31,275 - scraper_worker - INFO - Worker 1: Scraping product details...
2025-10-12 20:13:31,476 - scraper_worker - INFO - Worker 2: Total unique products found: 20
2025-10-12 20:13:31,476 - scraper_worker - INFO - Worker 2: Scraping product details...
2025-10-12 20:13:59,446 - scraper_worker - INFO - Worker 1: Progress: 10/17
2025-10-12 20:13:59,794 - scraper_worker - INFO - Worker 2: Progress: 10/20
2025-10-12 20:14:26,188 - scraper_worker - INFO - Worker 1: Completed 'women' - 17 products in 62.65s
2025-10-12 20:14:26,188 - __main__ - INFO - Worker 1: Validating 'women'...
2025-10-12 20:14:26,188 - data_validator - INFO - Validating category 'women' with 17 products...
2025-10-12 20:14:26,188 - data_validator - INFO - Validation complete for 'women':
2025-10-12 20:14:26,188 - data_validator - INFO -   Passed: 2/17
2025-10-12 20:14:26,188 - data_validator - INFO -   Pass rate: 11.76%
2025-10-12 20:14:26,188 - data_validator - INFO -   Duplicates: 0
2025-10-12 20:14:26,188 - data_validator - WARNING - Category 'women' does not meet quality threshold: 11.76% < 99.00%
2025-10-12 20:14:26,189 - __main__ - WARNING - Worker 1: Category 'women' does not meet quality threshold. Saving anyway with warning.
2025-10-12 20:14:26,189 - __main__ - INFO - Worker 1: Saving 'women'...
2025-10-12 20:14:26,189 - storage_manager - INFO - Saving category 'women' to women.json...
2025-10-12 20:14:26,190 - storage_manager - INFO - Successfully saved: /Users/naruechon/Documents/Project/OOTDay/products/women.json
2025-10-12 20:14:26,190 - __main__ - INFO - Worker 1: Successfully completed 'women'
2025-10-12 20:14:31,865 - scraper_worker - INFO - Worker 2: Progress: 20/20
2025-10-12 20:14:35,822 - scraper_worker - INFO - Worker 2: Completed 'men' - 20 products in 72.26s
2025-10-12 20:14:35,823 - __main__ - INFO - Worker 2: Validating 'men'...
2025-10-12 20:14:35,823 - data_validator - INFO - Validating category 'men' with 20 products...
2025-10-12 20:14:35,823 - data_validator - INFO - Validation complete for 'men':
2025-10-12 20:14:35,823 - data_validator - INFO -   Passed: 2/20
2025-10-12 20:14:35,823 - data_validator - INFO -   Pass rate: 10.00%
2025-10-12 20:14:35,823 - data_validator - INFO -   Duplicates: 0
2025-10-12 20:14:35,823 - data_validator - WARNING - Category 'men' does not meet quality threshold: 10.00% < 99.00%
2025-10-12 20:14:35,823 - __main__ - WARNING - Worker 2: Category 'men' does not meet quality threshold. Saving anyway with warning.
2025-10-12 20:14:35,823 - __main__ - INFO - Worker 2: Saving 'men'...
2025-10-12 20:14:35,823 - storage_manager - INFO - Saving category 'men' to men.json...
2025-10-12 20:14:35,824 - storage_manager - INFO - Successfully saved: /Users/naruechon/Documents/Project/OOTDay/products/men.json
2025-10-12 20:14:35,824 - __main__ - INFO - Worker 2: Successfully completed 'men'
2025-10-12 20:14:35,824 - __main__ - INFO - 
============================================================
2025-10-12 20:14:35,824 - __main__ - INFO - Generating master output file...
2025-10-12 20:14:35,824 - storage_manager - INFO - Saving master file with 2 categories...
2025-10-12 20:14:35,825 - storage_manager - INFO - Successfully saved: /Users/naruechon/Documents/Project/OOTDay/products/all_categories.json
2025-10-12 20:14:35,825 - logger - INFO - Ended scraping session: 22786eb1-d9e2-4b4b-8e26-4a1c060f7935
2025-10-12 20:14:35,825 - logger - INFO - Saved session log: /Users/naruechon/Documents/Project/OOTDay/log/scraping_session_20251012_131435.json
2025-10-12 20:14:35,825 - __main__ - INFO - 
Session log saved: /Users/naruechon/Documents/Project/OOTDay/log/scraping_session_20251012_131435.json
2025-10-12 20:14:35,825 - __main__ - INFO - 
============================================================
2025-10-12 20:14:35,825 - __main__ - INFO - SCRAPING COMPLETE
2025-10-12 20:14:35,825 - __main__ - INFO - ============================================================
