2025-10-12 20:12:55,903 - __main__ - INFO - ============================================================
2025-10-12 20:12:55,904 - __main__ - INFO - CENTRAL GROUP PRODUCT SCRAPING SYSTEM
2025-10-12 20:12:55,904 - __main__ - INFO - ============================================================
2025-10-12 20:12:55,904 - __main__ - INFO - Workers: 3
2025-10-12 20:12:55,904 - __main__ - INFO - Categories: 2
2025-10-12 20:12:55,904 - __main__ - INFO - Scrape Details: False
2025-10-12 20:12:55,904 - __main__ - INFO - Validate Images: False
2025-10-12 20:12:55,904 - __main__ - INFO - Resume: True
2025-10-12 20:12:55,904 - __main__ - INFO - ============================================================
2025-10-12 20:12:55,904 - logger - INFO - Started scraping session: 97423297-818f-4e17-a0a1-f6f3c8d336f9
2025-10-12 20:12:55,904 - __main__ - INFO - Attempt 1/3 for category 'women'
2025-10-12 20:12:55,904 - scraper_worker - INFO - Worker 1: Starting category 'women'
2025-10-12 20:12:55,904 - scraper_worker - INFO - Worker 1: URL: https://www.central.co.th/th/women/clothing
2025-10-12 20:12:55,927 - __main__ - INFO - Attempt 1/3 for category 'men'
2025-10-12 20:12:55,927 - scraper_worker - INFO - Worker 2: Starting category 'men'
2025-10-12 20:12:55,927 - scraper_worker - INFO - Worker 2: URL: https://www.central.co.th/th/men/clothing
2025-10-12 20:12:58,150 - scraper_worker - INFO - Worker 1: Fetching category page...
2025-10-12 20:12:58,158 - scraper_worker - INFO - Worker 2: Fetching category page...
2025-10-12 20:12:59,846 - scraper_worker - INFO - Worker 1: Found 17 products initially
2025-10-12 20:13:00,222 - scraper_worker - INFO - Worker 2: Found 20 products initially
2025-10-12 20:13:04,849 - scraper_worker - INFO - Worker 1: Handling infinite scroll...
2025-10-12 20:13:05,223 - scraper_worker - INFO - Worker 2: Handling infinite scroll...
2025-10-12 20:13:06,022 - scraper_worker - INFO - Worker 1: Total unique products found: 17
2025-10-12 20:13:06,186 - scraper_worker - INFO - Worker 1: Completed 'women' - 17 products in 10.28s
2025-10-12 20:13:06,186 - __main__ - INFO - Worker 1: Validating 'women'...
2025-10-12 20:13:06,186 - data_validator - INFO - Validating category 'women' with 17 products...
2025-10-12 20:13:06,186 - data_validator - INFO - Validation complete for 'women':
2025-10-12 20:13:06,186 - data_validator - INFO -   Passed: 0/17
2025-10-12 20:13:06,186 - data_validator - INFO -   Pass rate: 0.00%
2025-10-12 20:13:06,186 - data_validator - INFO -   Duplicates: 0
2025-10-12 20:13:06,186 - data_validator - WARNING - Category 'women' does not meet quality threshold: 0.00% < 99.00%
2025-10-12 20:13:06,186 - __main__ - WARNING - Worker 1: Category 'women' does not meet quality threshold. Saving anyway with warning.
2025-10-12 20:13:06,186 - __main__ - INFO - Worker 1: Saving 'women'...
2025-10-12 20:13:06,186 - storage_manager - INFO - Saving category 'women' to women.json...
2025-10-12 20:13:06,187 - storage_manager - INFO - Successfully saved: /Users/naruechon/Documents/Project/OOTDay/products/women.json
2025-10-12 20:13:06,187 - __main__ - INFO - Worker 1: Successfully completed 'women'
2025-10-12 20:13:06,417 - scraper_worker - INFO - Worker 2: Total unique products found: 20
2025-10-12 20:13:06,524 - scraper_worker - INFO - Worker 2: Completed 'men' - 20 products in 10.60s
2025-10-12 20:13:06,524 - __main__ - INFO - Worker 2: Validating 'men'...
2025-10-12 20:13:06,524 - data_validator - INFO - Validating category 'men' with 20 products...
2025-10-12 20:13:06,524 - data_validator - INFO - Validation complete for 'men':
2025-10-12 20:13:06,524 - data_validator - INFO -   Passed: 0/20
2025-10-12 20:13:06,525 - data_validator - INFO -   Pass rate: 0.00%
2025-10-12 20:13:06,525 - data_validator - INFO -   Duplicates: 0
2025-10-12 20:13:06,525 - data_validator - WARNING - Category 'men' does not meet quality threshold: 0.00% < 99.00%
2025-10-12 20:13:06,525 - __main__ - WARNING - Worker 2: Category 'men' does not meet quality threshold. Saving anyway with warning.
2025-10-12 20:13:06,525 - __main__ - INFO - Worker 2: Saving 'men'...
2025-10-12 20:13:06,525 - storage_manager - INFO - Saving category 'men' to men.json...
2025-10-12 20:13:06,525 - storage_manager - INFO - Successfully saved: /Users/naruechon/Documents/Project/OOTDay/products/men.json
2025-10-12 20:13:06,525 - __main__ - INFO - Worker 2: Successfully completed 'men'
2025-10-12 20:13:06,525 - __main__ - INFO - 
============================================================
2025-10-12 20:13:06,525 - __main__ - INFO - Generating master output file...
2025-10-12 20:13:06,525 - storage_manager - INFO - Saving master file with 2 categories...
2025-10-12 20:13:06,526 - storage_manager - INFO - Successfully saved: /Users/naruechon/Documents/Project/OOTDay/products/all_categories.json
2025-10-12 20:13:06,526 - logger - INFO - Ended scraping session: 97423297-818f-4e17-a0a1-f6f3c8d336f9
2025-10-12 20:13:06,526 - logger - INFO - Saved session log: /Users/naruechon/Documents/Project/OOTDay/log/scraping_session_20251012_131306.json
2025-10-12 20:13:06,526 - __main__ - INFO - 
Session log saved: /Users/naruechon/Documents/Project/OOTDay/log/scraping_session_20251012_131306.json
2025-10-12 20:13:06,526 - __main__ - INFO - 
============================================================
2025-10-12 20:13:06,526 - __main__ - INFO - SCRAPING COMPLETE
2025-10-12 20:13:06,526 - __main__ - INFO - ============================================================
